[Thu Mar 26 12:59:51 CET 2026] Starting dvc repro plot_greedy
Working directory: /home/jkaatz/MA/MLDynamicMetabolicControl
Python: /home/jkaatz/MA/MLDynamicMetabolicControl/.venv/bin/python
Params:
# params.yaml

data:
  model_path: model/ECC2comp_configured
  vman: ACKr
  condition: anaerobic
  n_samples: 10000
  objective: EX_Biomass

training:
  hidden_dim: 4
  epochs: 501
  patience: 50
  lr: 0.001

optimize:
  log_full_every_k: 10 
  t_start: 0.0
  t_end: 18.0          # <-- change to 24.0 later
  num_intervals: 8  # <-- change to 40 later
  n_eval: 1000
  objective: ethanol
  initial_state: 10.0 0.0 0.01

optimize_greedy:
  mode: k_cuts   # "single_cut_to_zero" or "k_cuts"
  # single_cut_to_zero params
  v_right: 0.0               # ACKr value in production phase (fixed at 0)
  v_left: 7.66               # warm-start hint for growth-phase ACKr (known growth-optimal value)
  v_left_bounds: 0.0 10.0    # ACKr search range for growth phase
  joint_polish: 1        # jointly optimise (tau, v_left) in final polish
  n_iterations: 5            # zoom-in iterations (each halves search window)
  # k_cuts params
  n_cuts: 3
  # temporal window [t_lo, t_hi] restricting where cuts are placed (hours, both modes)
  tau_bounds: 10.0 14.0
  # shared
  split_grid_size: 10
  min_dt: 0.001
  inner_polish_maxiter: 80
  final_polish_maxiter: 300
/home/jkaatz/MA/MLDynamicMetabolicControl/.venv/lib64/python3.9/site-packages/networkx/utils/backends.py:135: RuntimeWarning: networkx backend defined more than once: nx-loopback
  backends.update(_get_backends("networkx.backends"))
Running stage 'generate_data':
> python scripts/generate_fba_data.py --model-path model/ECC2comp_configured --vman ACKr --condition anaerobic --n-samples 10000 --objective EX_Biomass
/home/jkaatz/MA/MLDynamicMetabolicControl/.venv/lib64/python3.9/site-packages/cobra/util/solver.py:554: UserWarning: Solver status is 'infeasible'.
  warn(f"Solver status is '{status}'.", UserWarning)
3
model path is: model/ECC2comp_configured
Objective value: 0.2885897001304516
ACKr value: 7.666402215139818
glycine uptake: 0.0
{'EX_Biomass': 1000.0, 'EX_4CRSOL_e': 1000.0, 'EX_5DRIB_e': 1000.0, 'EX_ac_e': 0.0, 'EX_adp_c': 1000.0, 'EX_AMOB_e': 1000.0, 'EX_ca2_e': 1000.0, 'EX_cl_e': 1000.0, 'EX_co2_e': 1000.0, 'EX_coa_c': 1000.0, 'EX_cobalt2_e': 1000.0, 'EX_cu2_e': 1000.0, 'EX_etoh_e': 1000.0, 'EX_fe2_e': 1000.0, 'EX_fe3_e': 1000.0, 'EX_for_e': 1000.0, 'EX_glc__D_e': 10.0, 'EX_h_e': 1000.0, 'EX_h2_e': 1000.0, 'EX_h2o_e': 1000.0, 'EX_k_e': 1000.0, 'EX_lac_e': 1000.0, 'EX_meoh_e': 1000.0, 'EX_mg2_e': 1000.0, 'EX_mn2_e': 1000.0, 'EX_mobd_e': 1000.0, 'EX_mqn8_c': 1000.0, 'EX_MTHTHF_e': 1000.0, 'EX_nad_c': 1000.0, 'EX_nadp_c': 1000.0, 'EX_nh4_e': 1000.0, 'EX_ni2_e': 1000.0, 'EX_pi_c': 1000.0, 'EX_pi_e': 1000.0, 'EX_q8_c': 1000.0, 'EX_so4_e': 1000.0, 'EX_zn2_e': 1000.0, 'EX_o2_e': 0.0, 'EX_glyc_e': 0.0, 'EX_succ_e': 0.0}
reaction bounds: [-1000.0, 1000.0]
MODEL OBJECTIVE: Maximize
1.0*EX_Biomass - 1.0*EX_Biomass_reverse_4270f
Feasibility sweep completed.
Feasible region for ACKr: [-9.85, 9.95]
Saved 10000 feasible points to /home/jkaatz/MA/MLDynamicMetabolicControl/data/fba_data_ACKr_anaerobic_EX_Biomass.npz
Feasible region for ACKr: [0.00, 10.00]
Updating lock file 'dvc.lock'

WARNING: Process '/home/jkaatz/MA/MLDynamicMetabolicControl/.venv/bin/dvc repro plot_greedy' with (Pid 2960854), in RWLock-file 'trained_models/ACKr_EX_Biomass_trained_model_input-1_output-4_hidden-4.pt' had been killed. Auto removed it from the lock file.
Running stage 'train_surrogate':
> python scripts/train_surrogate.py --vman ACKr --condition anaerobic --hidden-dim 4 --epochs 501 --patience 50 --lr 0.001 --model-name ACKr_EX_Biomass_trained_model_input-1_output-4_hidden-4
Initializing SurrogateNN with input_dim=1, hidden_dim=4, output_dim=7
Saved model checkpoint to /home/jkaatz/MA/MLDynamicMetabolicControl/trained_models/ACKr_EX_Biomass_trained_model_input-1_output-4_hidden-4.pt
Test MSE: 0.2265 | R2: 0.9856
Updating lock file 'dvc.lock'

WARNING: Process '/home/jkaatz/MA/MLDynamicMetabolicControl/.venv/bin/dvc repro plot_greedy' with (Pid 2960854), in RWLock-file 'results/greedy' had been killed. Auto removed it from the lock file.
WARNING: Process '/home/jkaatz/MA/MLDynamicMetabolicControl/.venv/bin/dvc repro plot_greedy' with (Pid 2960854), in RWLock-file 'results/greedy' had been killed. Auto removed it from the lock file.
Running stage 'optimize_greedy':
> python scripts/greedily_optimize_vman.py --checkpoint trained_models/ACKr_EX_Biomass_trained_model_input-1_output-4_hidden-4.pt --t-start 0.0 --t-end 18.0 --n-eval 1000 --objective ethanol --initial-state 10.0 0.0 0.01 --log-full-every-k 10 --mode k_cuts --v-right 0.0 --v-left 7.66 --v-left-bounds 0.0 10.0 --tau-bounds 10.0 14.0 --n-iterations 5 --joint-polish 1 --split-grid-size 10 --min-dt 0.001 --inner-polish-maxiter 80 --final-polish-maxiter 300 --n_cuts 3 --output-path results/greedy/greedy_optimize_vman_ACKr_EX_Biomass_hidden-4_tend-18.0.npz --logs-path results/greedy/greedy_optimize_vman_ACKr_EX_Biomass_hidden-4_tend-18.0_logs.npz
[2026-03-26T13:02:42.093] error: *** JOB 4618550 ON ramses12013 CANCELLED AT 2026-03-26T13:02:42 DUE to SIGNAL Terminated ***
