[Mon Mar 16 11:23:15 CET 2026] Starting dvc repro plot_greedy
Working directory: /home/jkaatz/MA/MLDynamicMetabolicControl
Python: /home/jkaatz/MA/MLDynamicMetabolicControl/.venv/bin/python
Params:
# params.yaml

data:
  model_path: model/ECC2comp_configured
  vman: ACKr
  condition: anaerobic
  n_samples: 10000
  objective: EX_Biomass

training:
  hidden_dim: 4
  epochs: 501
  patience: 50
  lr: 0.001

optimize:
  log_full_every_k: 10 
  t_start: 0.0
  t_end: 18.0          # <-- change to 24.0 later
  num_intervals: 8  # <-- change to 40 later
  n_eval: 1000
  objective: ethanol
  initial_state: 10.0 0.0 0.01

optimize_greedy:
  mode: k_cuts   # "single_cut_to_zero" or "k_cuts"
  # single_cut_to_zero params
  v_right: 0.0               # ACKr value in production phase (fixed at 0)
  v_left_bounds: 5.0 14.0    # ACKr search range for growth phase (set to known growth-optimal region)
  joint_polish: 1        # jointly optimise (tau, v_left) in final polish
  n_iterations: 5            # zoom-in iterations (each halves search window)
  # k_cuts params
  n_cuts: 30
  # single_cut_to_zero: temporal window [t_lo, t_hi] for tau sweep
  # k_cuts: ACKr value bounds for the greedy search
  search_bounds: 10.0 14.0
  # shared
  split_grid_size: 40
  min_dt: 0.001
  inner_polish_maxiter: 80
  final_polish_maxiter: 300
ERROR: The output paths:
'results'('optimize_greedy')
'results/optimize_vman_ACKr_EX_Biomass_hidden-4_tend-18.0_N-8.npz'('optimize')
overlap and are thus in the same tracked directory.
To keep reproducibility, outputs should be in separate tracked directories or tracked individually.
[Mon Mar 16 11:23:17 CET 2026] Job finished (exit code 0)
