[Mon Mar 16 11:28:58 CET 2026] Starting dvc repro plot_greedy
Working directory: /home/jkaatz/MA/MLDynamicMetabolicControl
Python: /home/jkaatz/MA/MLDynamicMetabolicControl/.venv/bin/python
Params:
# params.yaml

data:
  model_path: model/ECC2comp_configured
  vman: ACKr
  condition: anaerobic
  n_samples: 10000
  objective: EX_Biomass

training:
  hidden_dim: 4
  epochs: 501
  patience: 50
  lr: 0.001

optimize:
  log_full_every_k: 10 
  t_start: 0.0
  t_end: 18.0          # <-- change to 24.0 later
  num_intervals: 8  # <-- change to 40 later
  n_eval: 1000
  objective: ethanol
  initial_state: 10.0 0.0 0.01

optimize_greedy:
  mode: k_cuts   # "single_cut_to_zero" or "k_cuts"
  # single_cut_to_zero params
  v_right: 0.0               # ACKr value in production phase (fixed at 0)
  v_left_bounds: 5.0 14.0    # ACKr search range for growth phase (set to known growth-optimal region)
  joint_polish: 1        # jointly optimise (tau, v_left) in final polish
  n_iterations: 5            # zoom-in iterations (each halves search window)
  # k_cuts params
  n_cuts: 30
  # single_cut_to_zero: temporal window [t_lo, t_hi] for tau sweep
  # k_cuts: ACKr value bounds for the greedy search
  search_bounds: 10.0 14.0
  # shared
  split_grid_size: 40
  min_dt: 0.001
  inner_polish_maxiter: 80
  final_polish_maxiter: 300
/home/jkaatz/MA/MLDynamicMetabolicControl/.venv/lib64/python3.9/site-packages/networkx/utils/backends.py:135: RuntimeWarning: networkx backend defined more than once: nx-loopback
  backends.update(_get_backends("networkx.backends"))
Stage 'generate_data' didn't change, skipping
Stage 'train_surrogate' didn't change, skipping
Running stage 'optimize_greedy':
> python scripts/greedily_optimize_vman.py --checkpoint trained_models/ACKr_EX_Biomass_trained_model_input-1_output-4_hidden-4.pt --t-start 0.0 --t-end 18.0 --n-eval 1000 --objective ethanol --initial-state 10.0 0.0 0.01 --log-full-every-k 10 --mode k_cuts --v-right 0.0 --v-left-bounds 5.0 14.0 --n-iterations 5 --joint-polish 1 --split-grid-size 40 --min-dt 0.001 --inner-polish-maxiter 80 --final-polish-maxiter 300 --n_cuts 30 --output-path results/greedy/greedy_optimize_vman_ACKr_EX_Biomass_hidden-4_tend-18.0.npz --logs-path results/greedy/greedy_optimize_vman_ACKr_EX_Biomass_hidden-4_tend-18.0_logs.npz
[DEBUG] Starting main()
[DEBUG] Arguments parsed: checkpoint=trained_models/ACKr_EX_Biomass_trained_model_input-1_output-4_hidden-4.pt
[DEBUG] Output directories ensured
[DEBUG] Loading surrogate model from checkpoint: trained_models/ACKr_EX_Biomass_trained_model_input-1_output-4_hidden-4.pt
Initializing SurrogateNN with input_dim=1, hidden_dim=4, output_dim=7
[DEBUG] Surrogate model loaded successfully
Initial conditions set to: [10.0, 0.0, 0.01]
vman bounds: [-14.65732866433217, 9.954977488744362]
Search window narrowed to: (10, 14)
[DEBUG] Mode: k_cuts | n_cuts=30, split_grid_size=40
[DEBUG] This may take a while...
[DEBUG] Starting iteration 1/30 of greedy cut insertion
[DEBUG] Search restricted to bounds: (10, 14)
[DEBUG] Starting iteration 2/30 of greedy cut insertion
[DEBUG] Search restricted to bounds: (10, 14)
[DEBUG] Starting iteration 3/30 of greedy cut insertion
[DEBUG] Search restricted to bounds: (10, 14)
[DEBUG] Starting iteration 4/30 of greedy cut insertion
[DEBUG] Search restricted to bounds: (10, 14)
[DEBUG] Starting iteration 5/30 of greedy cut insertion
[DEBUG] Search restricted to bounds: (10, 14)
[DEBUG] Starting iteration 6/30 of greedy cut insertion
[DEBUG] Search restricted to bounds: (10, 14)
[DEBUG] Starting iteration 7/30 of greedy cut insertion
[DEBUG] Search restricted to bounds: (10, 14)
[DEBUG] Starting iteration 8/30 of greedy cut insertion
[DEBUG] Search restricted to bounds: (10, 14)
[DEBUG] Starting iteration 9/30 of greedy cut insertion
[DEBUG] Search restricted to bounds: (10, 14)
[DEBUG] Starting iteration 10/30 of greedy cut insertion
[DEBUG] Search restricted to bounds: (10, 14)
[DEBUG] Starting iteration 11/30 of greedy cut insertion
[DEBUG] Search restricted to bounds: (10, 14)
[DEBUG] Starting iteration 12/30 of greedy cut insertion
[DEBUG] Search restricted to bounds: (10, 14)
[DEBUG] Starting iteration 13/30 of greedy cut insertion
[DEBUG] Search restricted to bounds: (10, 14)
[DEBUG] Starting iteration 14/30 of greedy cut insertion
[DEBUG] Search restricted to bounds: (10, 14)
[DEBUG] Starting iteration 15/30 of greedy cut insertion
[DEBUG] Search restricted to bounds: (10, 14)
[DEBUG] Starting iteration 16/30 of greedy cut insertion
[DEBUG] Search restricted to bounds: (10, 14)
[DEBUG] Starting iteration 17/30 of greedy cut insertion
[DEBUG] Search restricted to bounds: (10, 14)
[DEBUG] Starting iteration 18/30 of greedy cut insertion
[DEBUG] Search restricted to bounds: (10, 14)
[DEBUG] Starting iteration 19/30 of greedy cut insertion
[DEBUG] Search restricted to bounds: (10, 14)
[DEBUG] Starting iteration 20/30 of greedy cut insertion
[DEBUG] Search restricted to bounds: (10, 14)
[DEBUG] Starting iteration 21/30 of greedy cut insertion
[DEBUG] Search restricted to bounds: (10, 14)
[DEBUG] Starting iteration 22/30 of greedy cut insertion
[DEBUG] Search restricted to bounds: (10, 14)
[DEBUG] Starting iteration 23/30 of greedy cut insertion
[DEBUG] Search restricted to bounds: (10, 14)
[DEBUG] Starting iteration 24/30 of greedy cut insertion
[DEBUG] Search restricted to bounds: (10, 14)
[DEBUG] Starting iteration 25/30 of greedy cut insertion
[DEBUG] Search restricted to bounds: (10, 14)
[DEBUG] Starting iteration 26/30 of greedy cut insertion
[DEBUG] Search restricted to bounds: (10, 14)
[DEBUG] Starting iteration 27/30 of greedy cut insertion
[DEBUG] Search restricted to bounds: (10, 14)
[DEBUG] Starting iteration 28/30 of greedy cut insertion
[DEBUG] Search restricted to bounds: (10, 14)
[DEBUG] Starting iteration 29/30 of greedy cut insertion
[DEBUG] Search restricted to bounds: (10, 14)
[DEBUG] Starting iteration 30/30 of greedy cut insertion
[DEBUG] Search restricted to bounds: (10, 14)
[DEBUG] Optimizer completed
[DEBUG] Extracted boundaries and values from greedy result
Greedy result: cuts_used=30  intervals=31
Boundaries (true): [ 0.         10.05389425 10.05489425 10.05589425 10.05689425 10.05789425
 10.05889425 10.05989425 10.06089425 10.06189425 10.06289425 10.06389425
 10.06489425 10.06589425 10.06689425 10.06789425 10.06889425 10.06989425
 10.07089425 10.11660421 10.56565827 11.70715953 11.93262005 11.98310651
 12.25628205 12.44948167 12.65301093 12.68858004 13.32910848 13.67779164
 13.89609361 18.        ]
Values (true): [  1.33191741   9.95492145   9.95492145   9.95492145   9.95492145
   9.95492145   9.95492145   9.95492145   9.95492145   9.95492145
   9.95492145   9.95492145   9.95492145   9.95492145   9.95492145
   9.95492145   9.95492145   9.95492145   9.95492145  -5.2960127
  -1.06384268   9.95492145   9.95492145   0.54972728   9.95492145
   9.95492145  -4.35506187  -5.45569865   9.95492145   9.95492145
 -14.65726806]
[DEBUG] Projecting control onto uniform grid with 20 intervals
[DEBUG] Projection completed
[DEBUG] Defining vman control function
[DEBUG] Starting ODE simulation with solve_ivp (RK45)...
[DEBUG] ODE simulation finished. Success: True
[DEBUG] Output directory created: results/greedy
[DEBUG] Extracting simulation results...
[DEBUG] Results extracted
[DEBUG] Saving main results to results/greedy/greedy_optimize_vman_ACKr_EX_Biomass_hidden-4_tend-18.0_20260316_112905.npz...
[DEBUG] Main results saved successfully
[DEBUG] Saving logs to results/greedy/greedy_optimize_vman_ACKr_EX_Biomass_hidden-4_tend-18.0_logs_20260316_112905.npz...
[DEBUG] Logs saved successfully
Stored trajectory logs to results/greedy/greedy_optimize_vman_ACKr_EX_Biomass_hidden-4_tend-18.0_logs_20260316_112905.npz
Results saved to results/greedy/greedy_optimize_vman_ACKr_EX_Biomass_hidden-4_tend-18.0_20260316_112905.npz
Solver success: True
[DEBUG] main() completed successfully
Updating lock file 'dvc.lock'

Running stage 'plot_greedy':
> python scripts/greedy_plot.py --latest results/greedy/greedy_optimize_vman_ACKr_EX_Biomass_hidden-4_tend-18.0 --outdir plots/greedy_EX_Biomass_tend-18.0
Traceback (most recent call last):
  File "/home/jkaatz/MA/MLDynamicMetabolicControl/scripts/greedy_plot.py", line 271, in <module>
    main()
  File "/home/jkaatz/MA/MLDynamicMetabolicControl/scripts/greedy_plot.py", line 105, in main
    raise FileNotFoundError(f"Logs file not found: {logs_path}")
FileNotFoundError: Logs file not found: results/greedy/greedy_optimize_vman_ACKr_EX_Biomass_hidden-4_tend-18.0_20260316_112905_logs.npz
ERROR: failed to reproduce 'plot_greedy': failed to run: python scripts/greedy_plot.py --latest results/greedy/greedy_optimize_vman_ACKr_EX_Biomass_hidden-4_tend-18.0 --outdir plots/greedy_EX_Biomass_tend-18.0, exited with 1
[Tue Mar 17 01:44:08 CET 2026] Job finished (exit code 0)
